CommitMessage
{
	Id: 0
	MessageId: NULL
	Name: NULL
	SourceCommit: NULL
	Title: Hello World Changeset 128: Yep there it is AT-01069
	Comment: Yep there it is AT-01069
	Hash: NULL
	Date: 1/1/0001 12:00:00 AM
	Author: CORP\jgough
}
